// Jest Snapshot v1, https://goo.gl/fbAQLP

exports[`Loader should renders 1`] = `
<div>
  <span>
    loading
  </span>
  <span />
</div>
`;
